
> simple-tool-websites@1.0.0 test:ci
> jest --coverage --ci --passWithNoTests

node.exe : FAIL 
sites/pdf-toolkit/__tests__/app.test.js
At line:1 char:1
+ & "C:\Program Files\nodejs/node.exe" "C:\Program 
Files\nodejs/node_mo ...
+ ~~~~~~~~~~~~~~~~~~~~~~~~~~~~~~~~~~~~~~~~~~~~~~~~~~~
~~~~~~~~~~~~~~~~~~
    + CategoryInfo          : NotSpecified: (FAIL si 
   tes/pdf-...s__/app.test.js:String) [], RemoteExc  
  eption
    + FullyQualifiedErrorId : NativeCommandError
 
  ΓùÅ Console

    console.error
      TypeError: file.arrayBuffer is not a function
          at arrayBuffer (J:\simplewebsites\simpleweb
sites\sites\pdf-toolkit\app.js:63:44)
          at processTicksAndRejections 
(node:internal/process/task_queues:104:5)
          at Object.<anonymous> (J:\simplewebsites\si
mplewebsites\sites\pdf-toolkit\__tests__\app.test.js:
58:9)

    [0m [90m 71 |[39m         [36mif[39m 
(status) status[33m.[39mclassList[33m.[39madd([3
2m'hidden'[39m)[33m;[39m
     [90m 72 |[39m     } [36mcatch[39m (e) {
    [31m[1m>[22m[39m[90m 73 |[39m         
console[33m.[39merror(e)[33m;[39m
     [90m    |[39m                 
[31m[1m^[22m[39m
     [90m 74 |[39m         [36mif[39m (status) {
     [90m 75 |[39m             
status[33m.[39mtextContent [33m=[39m [32m`Γ¥î 
Error: ${e.message}`[39m[33m;[39m
     [90m 76 |[39m             status[33m.[39mcla
ssList[33m.[39mremove([32m'hidden'[39m)[33m;[39
m[0m

      at error (sites/pdf-toolkit/app.js:73:17)
      at Object.<anonymous> 
(sites/pdf-toolkit/__tests__/app.test.js:58:9)

  ΓùÅ PDF Toolkit Comprehensive ΓÇ║ switchMode 
toggles UI

    expect(received).toBe(expected) // Object.is 
equality

    Expected: false
    Received: true

    [0m [90m 32 |[39m     test([32m'switchMode 
toggles UI'[39m[33m,[39m () [33m=>[39m {
     [90m 33 |[39m         
switchMode([32m'merge'[39m)[33m;[39m
    [31m[1m>[22m[39m[90m 34 |[39m         expec
t(document[33m.[39mgetElementById([32m'merge-ui'[
39m)[33m.[39mclassList[33m.[39mcontains([32m'hid
den'[39m))[33m.[39mtoBe([36mfalse[39m)[33m;[39
m
     [90m    |[39m                                 
                                                 
[31m[1m^[22m[39m
     [90m 35 |[39m         expect(document[33m.[3
9mgetElementById([32m'split-ui'[39m)[33m.[39mclas
sList[33m.[39mcontains([32m'hidden'[39m))[33m.[
39mtoBe([36mtrue[39m)[33m;[39m
     [90m 36 |[39m         
     [90m 37 |[39m         
switchMode([32m'split'[39m)[33m;[39m[0m

      at Object.toBe 
(sites/pdf-toolkit/__tests__/app.test.js:34:82)

  ΓùÅ PDF Toolkit Comprehensive ΓÇ║ executeMerge 
success path

    expect(received).toBe(expected) // Object.is 
equality

    Expected: false
    Received: true

    [0m [90m 59 |[39m         
     [90m 60 |[39m         expect([33mPDFLib[39m
[33m.[39m[33mPDFDocument[39m[33m.[39mcreate)[33
m.[39mtoHaveBeenCalled()[33m;[39m
    [31m[1m>[22m[39m[90m 61 |[39m         expec
t(document[33m.[39mgetElementById([32m'result-ui'
[39m)[33m.[39mclassList[33m.[39mcontains([32m'hi
dden'[39m))[33m.[39mtoBe([36mfalse[39m)[33m;[3
9m
     [90m    |[39m                                 
                                                  
[31m[1m^[22m[39m
     [90m 62 |[39m     })[33m;[39m
     [90m 63 |[39m
     [90m 64 |[39m     
test([32m'handleSplitUpload reads page 
count'[39m[33m,[39m [36masync[39m () 
[33m=>[39m {[0m

      at Object.toBe 
(sites/pdf-toolkit/__tests__/app.test.js:61:83)

  ΓùÅ PDF Toolkit Comprehensive ΓÇ║ 
handleSplitUpload reads page count

    TypeError: handleSplitUpload is not a function

    [0m [90m 66 |[39m         [36mconst[39m 
event [33m=[39m { target[33m:[39m { 
files[33m:[39m [file] } }[33m;[39m
     [90m 67 |[39m         
    [31m[1m>[22m[39m[90m 68 |[39m         
[36mawait[39m handleSplitUpload(event)[33m;[39m
     [90m    |[39m               
[31m[1m^[22m[39m
     [90m 69 |[39m         
     [90m 70 |[39m         expect(document[33m.[3
9mgetElementById([32m'split-filename'[39m)[33m.[3
9mtextContent)[33m.[39mtoBe([32m'split.pdf'[39m)
[33m;[39m
     [90m 71 |[39m         expect(document[33m.[3
9mgetElementById([32m'page-count'[39m)[33m.[39mte
xtContent)[33m.[39mtoContain([32m'3'[39m)[33m;[
39m[0m

      at Object.handleSplitUpload 
(sites/pdf-toolkit/__tests__/app.test.js:68:15)

  ΓùÅ PDF Toolkit Comprehensive ΓÇ║ executeSplit 
success path

    TypeError: handleSplitUpload is not a function

    [0m [90m 74 |[39m     test([32m'executeSplit 
success path'[39m[33m,[39m [36masync[39m () 
[33m=>[39m {
     [90m 75 |[39m         [36mconst[39m file 
[33m=[39m [36mnew[39m 
[33mFile[39m([[32m'test'[39m][33m,[39m 
[32m'split.pdf'[39m[33m,[39m { type[33m:[39m 
[32m'application/pdf'[39m })[33m;[39m
    [31m[1m>[22m[39m[90m 76 |[39m         
[36mawait[39m handleSplitUpload({ 
target[33m:[39m { files[33m:[39m [file] } 
})[33m;[39m
     [90m    |[39m               
[31m[1m^[22m[39m
     [90m 77 |[39m         
     [90m 78 |[39m         [36mawait[39m 
executeSplit()[33m;[39m
     [90m 79 |[39m         [0m

      at Object.handleSplitUpload 
(sites/pdf-toolkit/__tests__/app.test.js:76:15)

PASS sites/terraform-snippet-generator/__tests__/app.
test.js
PASS sites/baby-face-generator/__tests__/app.test.js
PASS sites/sleep-calculator/__tests__/app.test.js
PASS sites/cicd-visualizer/__tests__/app.test.js
PASS sites/loan-visualizer/__tests__/app.test.js
FAIL sites/video-compressor/__tests__/app.test.js
  ΓùÅ Console

    console.error
      Error: Exec failed
          at Object.<anonymous> (J:\simplewebsites\si
mplewebsites\sites\video-compressor\__tests__\app.tes
t.js:113:39)
          at Promise.then.completed (J:\simplewebsite
s\simplewebsites\node_modules\jest-circus\build\utils
.js:298:28)
          at new Promise (<anonymous>)
          at callAsyncCircusFn (J:\simplewebsites\sim
plewebsites\node_modules\jest-circus\build\utils.js:2
31:10)
          at _callCircusTest (J:\simplewebsites\simpl
ewebsites\node_modules\jest-circus\build\run.js:316:4
0)
          at _runTest (J:\simplewebsites\simplewebsit
es\node_modules\jest-circus\build\run.js:252:3)
          at _runTestsForDescribeBlock (J:\simplewebs
ites\simplewebsites\node_modules\jest-circus\build\ru
n.js:126:9)
          at _runTestsForDescribeBlock (J:\simplewebs
ites\simplewebsites\node_modules\jest-circus\build\ru
n.js:121:9)
          at run (J:\simplewebsites\simplewebsites\no
de_modules\jest-circus\build\run.js:71:3)
          at runAndTransformResultsToJestFormat (J:\s
implewebsites\simplewebsites\node_modules\jest-circus
\build\legacy-code-todo-rewrite\jestAdapterInit.js:12
2:21)
          at jestAdapter (J:\simplewebsites\simpleweb
sites\node_modules\jest-circus\build\legacy-code-todo
-rewrite\jestAdapter.js:79:19)
          at runTestInternal (J:\simplewebsites\simpl
ewebsites\node_modules\jest-runner\build\runTest.js:3
67:16)
          at runTest (J:\simplewebsites\simplewebsite
s\node_modules\jest-runner\build\runTest.js:444:34)
          at Object.worker (J:\simplewebsites\simplew
ebsites\node_modules\jest-runner\build\testWorker.js:
106:12)

    [0m [90m 101 |[39m         
     [90m 102 |[39m     } [36mcatch[39m (e) {
    [31m[1m>[22m[39m[90m 103 |[39m         
console[33m.[39merror(e)[33m;[39m
     [90m     |[39m                 
[31m[1m^[22m[39m
     [90m 104 |[39m         
status[33m.[39mtextContent [33m=[39m [32m'Γ¥î 
Compression failed. The file might be too complex or 
large for memory.'[39m[33m;[39m
     [90m 105 |[39m         btn[33m.[39mdisabled 
[33m=[39m [36mfalse[39m[33m;[39m
     [90m 106 |[39m     }[0m

      at error (sites/video-compressor/app.js:103:17)
      at Object.<anonymous> 
(sites/video-compressor/__tests__/app.test.js:115:9)

  ΓùÅ Video Compressor Comprehensive ΓÇ║ 
executeCompression success flow

    
expect(jest.fn()).toHaveBeenCalledWith(...expected)

    Expected: ArrayContaining ["-crf", "28"]
    Received: ["-i", "input.mp4", "-vcodec", 
"libx264", "-crf", "34", "-preset", "ultrafast", 
"output.mp4"]

    Number of calls: 1

    [0m [90m 78 |[39m         [36mconst[39m 
ffmpeg [33m=[39m getFFmpeg()[33m;[39m
     [90m 79 |[39m         expect(ffmpeg[33m.[39m
writeFile)[33m.[39mtoHaveBeenCalled()[33m;[39m
    [31m[1m>[22m[39m[90m 80 |[39m         expec
t(ffmpeg[33m.[39mexec)[33m.[39mtoHaveBeenCalledWi
th(expect[33m.[39marrayContaining([[32m'-crf'[39m
[33m,[39m [32m'28'[39m]))[33m;[39m [90m// 
default medium[39m
     [90m    |[39m                             
[31m[1m^[22m[39m
     [90m 81 |[39m         expect(document[33m.[3
9mgetElementById([32m'result-ui'[39m)[33m.[39mcla
ssList[33m.[39mcontains([32m'hidden'[39m))[33m.
[39mtoBe([36mfalse[39m)[33m;[39m
     [90m 82 |[39m         expect(document[33m.[3
9mgetElementById([32m'saved-space'[39m)[33m.[39mt
extContent)[33m.[39mtoContain([32m'Saved'[39m)[3
3m;[39m
     [90m 83 |[39m     })[33m;[39m[0m

      at Object.toHaveBeenCalledWith 
(sites/video-compressor/__tests__/app.test.js:80:29)

PASS sites/festival-countdown/__tests__/app.test.js
PASS shared/__tests__/build.test.js
  ΓùÅ Console

    console.log
      Building 1 sites into 
J:\simplewebsites\simplewebsites\dist...

      at log (shared/build.js:263:11)

PASS sites/picker-wheel/__tests__/app.test.js
PASS sites/resume-ats-checker/__tests__/app.test.js
PASS sites/temp-mail/__tests__/app.test.js
  ΓùÅ Console

    console.error
      TypeError: res.json is not a function
          at json (J:\simplewebsites\simplewebsites\s
ites\temp-mail\app.js:31:32)
          at processTicksAndRejections 
(node:internal/process/task_queues:104:5)
          at init (J:\simplewebsites\simplewebsites\s
ites\temp-mail\app.js:21:5)
          at Object.<anonymous> (J:\simplewebsites\si
mplewebsites\sites\temp-mail\__tests__\app.test.js:36
:9)

    [0m [90m 34 |[39m         
setAndStart(newEmail)[33m;[39m
     [90m 35 |[39m     } [36mcatch[39m (e) {
    [31m[1m>[22m[39m[90m 36 |[39m         
console[33m.[39merror(e)[33m;[39m
     [90m    |[39m                 
[31m[1m^[22m[39m
     [90m 37 |[39m         [36mconst[39m el 
[33m=[39m document[33m.[39mgetElementById([32m'e
mail-address'[39m)[33m;[39m
     [90m 38 |[39m         [36mif[39m (el) 
el[33m.[39mvalue [33m=[39m [32m'Error 
generating email'[39m[33m;[39m
     [90m 39 |[39m     }[0m

      at error (sites/temp-mail/app.js:36:17)
      at init (sites/temp-mail/app.js:21:5)
      at Object.<anonymous> 
(sites/temp-mail/__tests__/app.test.js:36:9)

    console.error
      Error: API Error
          at fetchMessages (J:\simplewebsites\simplew
ebsites\sites\temp-mail\app.js:87:28)
          at processTicksAndRejections 
(node:internal/process/task_queues:104:5)
          at Object.<anonymous> (J:\simplewebsites\si
mplewebsites\sites\temp-mail\__tests__\app.test.js:44
:9)

    [0m [90m  95 |[39m         }
     [90m  96 |[39m     } [36mcatch[39m (e) {
    [31m[1m>[22m[39m[90m  97 |[39m         
console[33m.[39merror(e)[33m;[39m
     [90m     |[39m                 
[31m[1m^[22m[39m
     [90m  98 |[39m         [36mconst[39m status 
[33m=[39m document[33m.[39mgetElementById([32m's
tatus-text'[39m)[33m;[39m
     [90m  99 |[39m         [36mif[39m (status) 
status[33m.[39mtextContent [33m=[39m [32m'Γ¥î 
Offline - Check connection'[39m[33m;[39m
     [90m 100 |[39m     } [36mfinally[39m {[0m

      at error (sites/temp-mail/app.js:97:17)
      at Object.<anonymous> 
(sites/temp-mail/__tests__/app.test.js:44:9)

PASS sites/bill-splitter/__tests__/app.test.js
PASS 
sites/voice-to-text-counter/__tests__/app.test.js
PASS sites/rank-everything/__tests__/app.test.js
  ΓùÅ Console

    console.log
      CATCHING ERROR: TMDB API Key required

      at log (sites/rank-everything/app.js:61:17)

    console.log
      CATCHING ERROR: RAWG API Key required

      at log (sites/rank-everything/app.js:61:17)

PASS sites/background-remover/__tests__/app.test.js
  ΓùÅ Console

    console.error
      BG Removal Error: Error: Fail
          at Object.<anonymous> (J:\simplewebsites\si
mplewebsites\sites\background-remover\__tests__\app.t
est.js:38:56)
          at Promise.then.completed (J:\simplewebsite
s\simplewebsites\node_modules\jest-circus\build\utils
.js:298:28)
          at new Promise (<anonymous>)
          at callAsyncCircusFn (J:\simplewebsites\sim
plewebsites\node_modules\jest-circus\build\utils.js:2
31:10)
          at _callCircusTest (J:\simplewebsites\simpl
ewebsites\node_modules\jest-circus\build\run.js:316:4
0)
          at _runTest (J:\simplewebsites\simplewebsit
es\node_modules\jest-circus\build\run.js:252:3)
          at _runTestsForDescribeBlock (J:\simplewebs
ites\simplewebsites\node_modules\jest-circus\build\ru
n.js:126:9)
          at _runTestsForDescribeBlock (J:\simplewebs
ites\simplewebsites\node_modules\jest-circus\build\ru
n.js:121:9)
          at run (J:\simplewebsites\simplewebsites\no
de_modules\jest-circus\build\run.js:71:3)
          at runAndTransformResultsToJestFormat (J:\s
implewebsites\simplewebsites\node_modules\jest-circus
\build\legacy-code-todo-rewrite\jestAdapterInit.js:12
2:21)
          at jestAdapter (J:\simplewebsites\simpleweb
sites\node_modules\jest-circus\build\legacy-code-todo
-rewrite\jestAdapter.js:79:19)
          at runTestInternal (J:\simplewebsites\simpl
ewebsites\node_modules\jest-runner\build\runTest.js:3
67:16)
          at runTest (J:\simplewebsites\simplewebsite
s\node_modules\jest-runner\build\runTest.js:444:34)
          at Object.worker (J:\simplewebsites\simplew
ebsites\node_modules\jest-runner\build\testWorker.js:
106:12)

    [0m [90m 35 |[39m             [36mif[39m 
(rUi) rUi[33m.[39mclassList[33m.[39mremove([32m'
hidden'[39m)[33m;[39m
     [90m 36 |[39m         } [36mcatch[39m (e) {
    [31m[1m>[22m[39m[90m 37 |[39m             
console[33m.[39merror([32m"BG Removal 
Error:"[39m[33m,[39m e)[33m;[39m
     [90m    |[39m                     
[31m[1m^[22m[39m
     [90m 38 |[39m             [36mif[39m 
(status) {
     [90m 39 |[39m                 
status[33m.[39mtextContent [33m=[39m [32m"Γ¥î 
Error: Background removal failed."[39m[33m;[39m
     [90m 40 |[39m                 status[33m.[39
mclassList[33m.[39mremove([32m'hidden'[39m)[33m;
[39m[0m

      at global.Image.error [as onload] 
(sites/background-remover/app.js:37:21)

PASS sites/seo-meta-generator/__tests__/app.test.js
PASS shared/__tests__/ads.test.js
PASS sites/json-yaml-formatter/__tests__/app.test.js
PASS sites/noise-meter/__tests__/app.test.js
PASS sites/image-upscaler/__tests__/app.test.js
PASS sites/typing-speed-race/__tests__/app.test.js
PASS sites/height-comparison/__tests__/app.test.js
PASS sites/mood-board-generator/__tests__/app.test.js
PASS sites/aws-cost-estimator/__tests__/app.test.js
PASS sites/qr-code-generator/__tests__/app.test.js
PASS 
sites/color-palette-extractor/__tests__/app.test.js
PASS 
sites/glassmorphism-generator/__tests__/app.test.js
PASS shared/__tests__/seo.test.js
  ΓùÅ Console

    console.log
      Γ£à Built: site1

      at Object.log [as buildSite] 
(shared/build.js:247:11)

    console.log
      Building 4 sites into 
J:\simplewebsites\simplewebsites\dist...

      at Object.log [as buildAll] 
(shared/build.js:263:11)

    console.log
      Γ£à Built: site1

      at log (shared/build.js:247:11)
          at Array.forEach (<anonymous>)

    console.log
      Γ£à Built: styles.css

      at log (shared/build.js:247:11)
          at Array.forEach (<anonymous>)

    console.log
      Γ£à Built: theme-toggle.js

      at log (shared/build.js:247:11)
          at Array.forEach (<anonymous>)

    console.log
      Γ£à Built: ads.txt

      at log (shared/build.js:247:11)
          at Array.forEach (<anonymous>)

    console.log
      
      ≡ƒÄë All 4 sites built successfully into 
global dist!

      at Object.log [as buildAll] 
(shared/build.js:307:11)

PASS sites/pet-breed-identifier/__tests__/app.test.js
  ΓùÅ Console

    console.log
      MobileNet model loaded successfully.

      at log 
(sites/pet-breed-identifier/app.js:43:15)

    console.log
      MobileNet Predictions: [ { className: 'golden 
retriever', probability: 0.95 } ]

      at log 
(sites/pet-breed-identifier/app.js:184:15)

PASS shared/__tests__/theme-toggle.test.js
PASS sites/code-explainer/__tests__/app.test.js
PASS shared/__tests__/ads.advanced.test.js
PASS shared/__tests__/analytics.test.js
PASS 
sites/cloud-service-comparison/__tests__/app.test.js
PASS shared/__tests__/seo.advanced.test.js
PASS 
sites/startup-idea-generator/__tests__/app.test.js
PASS sites/emoji-translator/__tests__/app.test.js
PASS sites/face-shape-detector/__tests__/app.test.js
-----------------------------------|---------|----------|---------|---------|----------------------------------------------------
File                               | % Stmts | % Branch | % Funcs | % Lines | Uncovered Line #s                                  
-----------------------------------|---------|----------|---------|---------|----------------------------------------------------
All files                          |   87.21 |    71.03 |   90.26 |   92.46 |                                                    
 shared                            |   92.06 |    80.88 |     100 |    93.3 |                                                    
  ads.js                           |     100 |     92.3 |     100 |     100 | 36,86                                              
  analytics.js                     |     100 |    91.66 |     100 |     100 | 34                                                 
  build.js                         |   86.46 |    68.75 |     100 |   88.28 | 29,36,43,92-94,101-102,108,168,178,200,253-254,312 
  seo.js                           |     100 |    93.33 |     100 |     100 | 30,89-90,213                                       
  theme-toggle.js                  |   93.75 |    73.07 |     100 |   96.66 | 68                                                 
 sites/awesome-free-tools          |     100 |    77.77 |     100 |     100 |                                                    
  app.js                           |     100 |    77.77 |     100 |     100 | 2909-2914                                          
 sites/aws-cost-estimator          |    94.2 |    56.75 |     100 |     100 |                                                    
  app.js                           |    94.2 |    56.75 |     100 |     100 | 12-42,76-110                                       
 sites/baby-face-generator         |   66.13 |    46.42 |   57.14 |   71.42 |                                                    
  app.js                           |   66.13 |    46.42 |   57.14 |   71.42 | 19-26,34-73,203-204,275-293,318-320                
 sites/background-remover          |   91.42 |    66.66 |   66.66 |   93.33 |                                                    
  app.js                           |   91.42 |    66.66 |   66.66 |   93.33 | 23,48                                              
 sites/bill-splitter               |   93.39 |    87.91 |     100 |     100 |                                                    
  app.js                           |   93.39 |    87.91 |     100 |     100 | 64,95,112,119-136,156,172,180-189,208              
 sites/cicd-visualizer             |   96.38 |    83.72 |      95 |     100 |                                                    
  app.js                           |   96.38 |    83.72 |      95 |     100 | 30-36,44-57,69,78,116                              
 sites/cloud-service-comparison    |   92.85 |    64.28 |     100 |     100 |                                                    
  app.js                           |   92.85 |    64.28 |     100 |     100 | 29-38,41-54                                        
 sites/code-explainer              |   70.49 |       50 |      75 |   74.13 |                                                    
  app.js                           |   70.49 |       50 |      75 |   74.13 | 13,28-29,47,69-75,95-98,114                        
 sites/color-palette-extractor     |   74.64 |    55.35 |   70.83 |      90 |                                                    
  app.js                           |   74.64 |    55.35 |   70.83 |      90 | 113-115,132-136,145                                
 sites/emoji-translator            |   94.54 |    85.41 |     100 |     100 |                                                    
  app.js                           |   94.54 |    85.41 |     100 |     100 | 113,122,125-134,139-148,158                        
 sites/face-shape-detector         |   86.59 |       60 |     100 |     100 |                                                    
  app.js                           |   86.59 |       60 |     100 |     100 | 36-91,99-116                                       
 sites/festival-countdown          |   91.91 |    87.27 |   90.47 |   96.29 |                                                    
  app.js                           |   91.91 |    87.27 |   90.47 |   96.29 | 208-209,222                                        
 sites/glassmorphism-generator     |   80.55 |       50 |      60 |   85.29 |                                                    
  app.js                           |   80.55 |       50 |      60 |   85.29 | 49-55                                              
 sites/height-comparison           |   91.35 |    76.08 |     100 |     100 |                                                    
  app.js                           |   91.35 |    76.08 |     100 |     100 | 43,52-84,103-118,130                               
 sites/image-upscaler              |      80 |     62.5 |      75 |   86.66 |                                                    
  app.js                           |      80 |     62.5 |      75 |   86.66 | 19-20,58,71-73                                     
 sites/json-yaml-formatter         |    94.8 |     87.5 |   66.66 |   98.63 |                                                    
  app.js                           |    94.8 |     87.5 |   66.66 |   98.63 | 46                                                 
 sites/loan-visualizer             |   94.39 |    85.33 |     100 |     100 |                                                    
  app.js                           |   94.39 |    85.33 |     100 |     100 | 74,110,127,147,161,170-181,196-200                 
 sites/mood-board-generator        |   91.54 |    60.52 |     100 |     100 |                                                    
  app.js                           |   91.54 |    60.52 |     100 |     100 | 15,39-65,71-97                                     
 sites/noise-meter                 |   96.42 |    67.85 |   94.11 |   98.87 |                                                    
  app.js                           |   96.42 |    67.85 |   94.11 |   98.87 | 122                                                
 sites/pdf-toolkit                 |   39.28 |    28.33 |   57.14 |   44.44 |                                                    
  app.js                           |   39.28 |    28.33 |   57.14 |   44.44 | 64-71,82-148,155                                   
 sites/pet-breed-identifier        |   87.87 |    68.75 |   93.75 |   96.72 |                                                    
  app.js                           |   87.87 |    68.75 |   93.75 |   96.72 | 45,186,244-245                                     
 sites/picker-wheel                |   92.13 |    61.44 |   95.65 |   98.01 |                                                    
  app.js                           |   92.13 |    61.44 |   95.65 |   98.01 | 102,136,295                                        
 sites/qr-code-generator           |    91.3 |    71.42 |   85.71 |   93.33 |                                                    
  app.js                           |    91.3 |    71.42 |   85.71 |   93.33 | 9-10,71                                            
 sites/rank-everything             |   95.77 |     82.5 |    92.3 |   94.91 |                                                    
  app.js                           |   95.77 |     82.5 |    92.3 |   94.91 | 28,126-127                                         
 sites/resume-ats-checker          |   98.11 |    93.58 |     100 |     100 |                                                    
  app.js                           |   98.11 |    93.58 |     100 |     100 | 36,63,83,111                                       
 sites/seo-meta-generator          |    97.5 |    73.33 |   66.66 |     100 |                                                    
  app.js                           |    97.5 |    73.33 |   66.66 |     100 | 19-21,54,69-73                                     
 sites/sleep-calculator            |   93.33 |    74.24 |     100 |     100 |                                                    
  app.js                           |   93.33 |    74.24 |     100 |     100 | 19,24,115,123-143,157-159,172-176                  
 sites/startup-idea-generator      |   88.88 |    63.79 |     100 |   95.38 |                                                    
  app.js                           |   88.88 |    63.79 |     100 |   95.38 | 151-152,178                                        
 sites/temp-mail                   |   84.42 |    61.97 |      80 |   89.58 |                                                    
  app.js                           |   84.42 |    61.97 |      80 |   89.58 | 32-34,65-70,146,160                                
 sites/terraform-snippet-generator |   89.65 |    69.76 |      95 |     100 |                                                    
  app.js                           |   89.65 |    69.76 |      95 |     100 | 35-47,53-60,66,72-85                               
 sites/typing-speed-race           |   92.44 |    79.78 |      85 |   99.16 |                                                    
  app.js                           |   92.44 |    79.78 |      85 |   99.16 | 43                                                 
 sites/video-compressor            |   89.02 |    72.22 |   72.72 |   94.11 |                                                    
  app.js                           |   89.02 |    72.22 |   72.72 |   94.11 | 18-19,47-48                                        
 sites/voice-to-text-counter       |    95.8 |    70.93 |   96.55 |   98.87 |                                                    
  app.js                           |    95.8 |    70.93 |   96.55 |   98.87 | 136                                                
-----------------------------------|---------|----------|---------|---------|----------------------------------------------------
Jest: "global" coverage threshold for statements 
(90%) not met: 87.21%

Summary of all failing tests
FAIL sites/pdf-toolkit/__tests__/app.test.js
  ΓùÅ PDF Toolkit Comprehensive ΓÇ║ switchMode 
toggles UI

    expect(received).toBe(expected) // Object.is 
equality

    Expected: false
    Received: true

    [0m [90m 32 |[39m     test([32m'switchMode 
toggles UI'[39m[33m,[39m () [33m=>[39m {
     [90m 33 |[39m         
switchMode([32m'merge'[39m)[33m;[39m
    [31m[1m>[22m[39m[90m 34 |[39m         expec
t(document[33m.[39mgetElementById([32m'merge-ui'[
39m)[33m.[39mclassList[33m.[39mcontains([32m'hid
den'[39m))[33m.[39mtoBe([36mfalse[39m)[33m;[39
m
     [90m    |[39m                                 
                                                 
[31m[1m^[22m[39m
     [90m 35 |[39m         expect(document[33m.[3
9mgetElementById([32m'split-ui'[39m)[33m.[39mclas
sList[33m.[39mcontains([32m'hidden'[39m))[33m.[
39mtoBe([36mtrue[39m)[33m;[39m
     [90m 36 |[39m         
     [90m 37 |[39m         
switchMode([32m'split'[39m)[33m;[39m[0m

      at Object.toBe 
(sites/pdf-toolkit/__tests__/app.test.js:34:82)

  ΓùÅ PDF Toolkit Comprehensive ΓÇ║ executeMerge 
success path

    expect(received).toBe(expected) // Object.is 
equality

    Expected: false
    Received: true

    [0m [90m 59 |[39m         
     [90m 60 |[39m         expect([33mPDFLib[39m
[33m.[39m[33mPDFDocument[39m[33m.[39mcreate)[33
m.[39mtoHaveBeenCalled()[33m;[39m
    [31m[1m>[22m[39m[90m 61 |[39m         expec
t(document[33m.[39mgetElementById([32m'result-ui'
[39m)[33m.[39mclassList[33m.[39mcontains([32m'hi
dden'[39m))[33m.[39mtoBe([36mfalse[39m)[33m;[3
9m
     [90m    |[39m                                 
                                                  
[31m[1m^[22m[39m
     [90m 62 |[39m     })[33m;[39m
     [90m 63 |[39m
     [90m 64 |[39m     
test([32m'handleSplitUpload reads page 
count'[39m[33m,[39m [36masync[39m () 
[33m=>[39m {[0m

      at Object.toBe 
(sites/pdf-toolkit/__tests__/app.test.js:61:83)

  ΓùÅ PDF Toolkit Comprehensive ΓÇ║ 
handleSplitUpload reads page count

    TypeError: handleSplitUpload is not a function

    [0m [90m 66 |[39m         [36mconst[39m 
event [33m=[39m { target[33m:[39m { 
files[33m:[39m [file] } }[33m;[39m
     [90m 67 |[39m         
    [31m[1m>[22m[39m[90m 68 |[39m         
[36mawait[39m handleSplitUpload(event)[33m;[39m
     [90m    |[39m               
[31m[1m^[22m[39m
     [90m 69 |[39m         
     [90m 70 |[39m         expect(document[33m.[3
9mgetElementById([32m'split-filename'[39m)[33m.[3
9mtextContent)[33m.[39mtoBe([32m'split.pdf'[39m)
[33m;[39m
     [90m 71 |[39m         expect(document[33m.[3
9mgetElementById([32m'page-count'[39m)[33m.[39mte
xtContent)[33m.[39mtoContain([32m'3'[39m)[33m;[
39m[0m

      at Object.handleSplitUpload 
(sites/pdf-toolkit/__tests__/app.test.js:68:15)

  ΓùÅ PDF Toolkit Comprehensive ΓÇ║ executeSplit 
success path

    TypeError: handleSplitUpload is not a function

    [0m [90m 74 |[39m     test([32m'executeSplit 
success path'[39m[33m,[39m [36masync[39m () 
[33m=>[39m {
     [90m 75 |[39m         [36mconst[39m file 
[33m=[39m [36mnew[39m 
[33mFile[39m([[32m'test'[39m][33m,[39m 
[32m'split.pdf'[39m[33m,[39m { type[33m:[39m 
[32m'application/pdf'[39m })[33m;[39m
    [31m[1m>[22m[39m[90m 76 |[39m         
[36mawait[39m handleSplitUpload({ 
target[33m:[39m { files[33m:[39m [file] } 
})[33m;[39m
     [90m    |[39m               
[31m[1m^[22m[39m
     [90m 77 |[39m         
     [90m 78 |[39m         [36mawait[39m 
executeSplit()[33m;[39m
     [90m 79 |[39m         [0m

      at Object.handleSplitUpload 
(sites/pdf-toolkit/__tests__/app.test.js:76:15)

FAIL sites/video-compressor/__tests__/app.test.js
  ΓùÅ Video Compressor Comprehensive ΓÇ║ 
executeCompression success flow

    
expect(jest.fn()).toHaveBeenCalledWith(...expected)

    Expected: ArrayContaining ["-crf", "28"]
    Received: ["-i", "input.mp4", "-vcodec", 
"libx264", "-crf", "34", "-preset", "ultrafast", 
"output.mp4"]

    Number of calls: 1

    [0m [90m 78 |[39m         [36mconst[39m 
ffmpeg [33m=[39m getFFmpeg()[33m;[39m
     [90m 79 |[39m         expect(ffmpeg[33m.[39m
writeFile)[33m.[39mtoHaveBeenCalled()[33m;[39m
    [31m[1m>[22m[39m[90m 80 |[39m         expec
t(ffmpeg[33m.[39mexec)[33m.[39mtoHaveBeenCalledWi
th(expect[33m.[39marrayContaining([[32m'-crf'[39m
[33m,[39m [32m'28'[39m]))[33m;[39m [90m// 
default medium[39m
     [90m    |[39m                             
[31m[1m^[22m[39m
     [90m 81 |[39m         expect(document[33m.[3
9mgetElementById([32m'result-ui'[39m)[33m.[39mcla
ssList[33m.[39mcontains([32m'hidden'[39m))[33m.
[39mtoBe([36mfalse[39m)[33m;[39m
     [90m 82 |[39m         expect(document[33m.[3
9mgetElementById([32m'saved-space'[39m)[33m.[39mt
extContent)[33m.[39mtoContain([32m'Saved'[39m)[3
3m;[39m
     [90m 83 |[39m     })[33m;[39m[0m

      at Object.toHaveBeenCalledWith 
(sites/video-compressor/__tests__/app.test.js:80:29)


Test Suites: 2 failed, 37 passed, 39 total
Tests:       5 failed, 285 passed, 290 total
Snapshots:   0 total
Time:        4.516 s
Ran all test suites.
